// Jest Snapshot v1, https://goo.gl/fbAQLP

exports[`defaults 1`] = `
[
  {
    "apiVersion": "v1",
    "kind": "Service",
    "metadata": {
      "labels": {
        "app.kubernetes.io/managed-by": "cdk8s-plone",
        "app.kubernetes.io/part-of": "plone",
      },
      "name": "plone-test-service-c8a1159e",
    },
    "spec": {
      "ports": [
        {
          "name": "http",
          "port": 8080,
          "targetPort": 8080,
        },
      ],
      "selector": {
        "app": "plone",
      },
    },
  },
]
`;
